// Vitest Snapshot v1

exports[`mount component 1`] = `
"<a-select value=\\"test\\">
  <a-select-option value=\\"aaa\\">aaa</a-select-option>
</a-select>"
`;
